Archive member included to satisfy reference by file (symbol)

d:/atmelstudio/7.0/toolchain/avr8/avr8-gnu-toolchain/bin/../lib/gcc/avr/5.4.0/avrxmega6\libgcc.a(_udivmodsi4.o)
                              src/ASF/xmega/drivers/usart/usart.o (__udivmodsi4)
d:/atmelstudio/7.0/toolchain/avr8/avr8-gnu-toolchain/bin/../lib/gcc/avr/5.4.0/avrxmega6\libgcc.a(_exit.o)
                              D:/AtmelStudio/7.0/Packs/atmel/XMEGAA_DFP/1.1.68/gcc/dev/atxmega256a3bu/avrxmega6/crtatxmega256a3bu.o (exit)
d:/atmelstudio/7.0/toolchain/avr8/avr8-gnu-toolchain/bin/../lib/gcc/avr/5.4.0/avrxmega6\libgcc.a(_copy_data.o)
                              src/ASF/common/services/sleepmgr/xmega/sleepmgr.o (__do_copy_data)
d:/atmelstudio/7.0/toolchain/avr8/avr8-gnu-toolchain/bin/../lib/gcc/avr/5.4.0/avrxmega6\libgcc.a(_clear_bss.o)
                              src/ASF/common/services/gfx_mono/gfx_mono_c12832_a1z.o (__do_clear_bss)
d:/atmelstudio/7.0/toolchain/avr8/avr8-gnu-toolchain/bin/../lib/gcc/avr/5.4.0/../../../../avr/lib/avrxmega6\libc.a(memcpy.o)
                              src/ASF/xmega/drivers/nvm/nvm.o (memcpy)
d:/atmelstudio/7.0/toolchain/avr8/avr8-gnu-toolchain/bin/../lib/gcc/avr/5.4.0/../../../../avr/lib/avrxmega6\libc.a(snprintf.o)
                              src/main.o (snprintf)
d:/atmelstudio/7.0/toolchain/avr8/avr8-gnu-toolchain/bin/../lib/gcc/avr/5.4.0/../../../../avr/lib/avrxmega6\libc.a(vfprintf_std.o)
                              d:/atmelstudio/7.0/toolchain/avr8/avr8-gnu-toolchain/bin/../lib/gcc/avr/5.4.0/../../../../avr/lib/avrxmega6\libc.a(snprintf.o) (vfprintf)
d:/atmelstudio/7.0/toolchain/avr8/avr8-gnu-toolchain/bin/../lib/gcc/avr/5.4.0/../../../../avr/lib/avrxmega6\libc.a(strnlen_P.o)
                              d:/atmelstudio/7.0/toolchain/avr8/avr8-gnu-toolchain/bin/../lib/gcc/avr/5.4.0/../../../../avr/lib/avrxmega6\libc.a(vfprintf_std.o) (strnlen_P)
d:/atmelstudio/7.0/toolchain/avr8/avr8-gnu-toolchain/bin/../lib/gcc/avr/5.4.0/../../../../avr/lib/avrxmega6\libc.a(strnlen.o)
                              d:/atmelstudio/7.0/toolchain/avr8/avr8-gnu-toolchain/bin/../lib/gcc/avr/5.4.0/../../../../avr/lib/avrxmega6\libc.a(vfprintf_std.o) (strnlen)
d:/atmelstudio/7.0/toolchain/avr8/avr8-gnu-toolchain/bin/../lib/gcc/avr/5.4.0/../../../../avr/lib/avrxmega6\libc.a(fputc.o)
                              d:/atmelstudio/7.0/toolchain/avr8/avr8-gnu-toolchain/bin/../lib/gcc/avr/5.4.0/../../../../avr/lib/avrxmega6\libc.a(vfprintf_std.o) (fputc)
d:/atmelstudio/7.0/toolchain/avr8/avr8-gnu-toolchain/bin/../lib/gcc/avr/5.4.0/../../../../avr/lib/avrxmega6\libc.a(ultoa_invert.o)
                              d:/atmelstudio/7.0/toolchain/avr8/avr8-gnu-toolchain/bin/../lib/gcc/avr/5.4.0/../../../../avr/lib/avrxmega6\libc.a(vfprintf_std.o) (__ultoa_invert)

Allocating common symbols
Common symbol       size              file

rtc_data            0x2               src/ASF/xmega/drivers/rtc32/rtc32.o
adcb_callback       0x2               src/ASF/xmega/drivers/adc/adc.o
sleepmgr_locks      0x6               src/ASF/common/services/sleepmgr/xmega/sleepmgr.o
adca_callback       0x2               src/ASF/xmega/drivers/adc/adc.o

Discarded input sections

 .data          0x00000000        0x0 D:/AtmelStudio/7.0/Packs/atmel/XMEGAA_DFP/1.1.68/gcc/dev/atxmega256a3bu/avrxmega6/crtatxmega256a3bu.o
 .bss           0x00000000        0x0 D:/AtmelStudio/7.0/Packs/atmel/XMEGAA_DFP/1.1.68/gcc/dev/atxmega256a3bu/avrxmega6/crtatxmega256a3bu.o
 .group         0x00000000        0x8 src/ASF/common/components/display/st7565r/st7565r.o
 .group         0x00000000        0x8 src/ASF/common/components/display/st7565r/st7565r.o
 .group         0x00000000        0x8 src/ASF/common/components/display/st7565r/st7565r.o
 .group         0x00000000        0x8 src/ASF/common/components/display/st7565r/st7565r.o
 .group         0x00000000        0x8 src/ASF/common/components/display/st7565r/st7565r.o
 .group         0x00000000        0x8 src/ASF/common/components/display/st7565r/st7565r.o
 .group         0x00000000        0x8 src/ASF/common/components/display/st7565r/st7565r.o
 .group         0x00000000        0x8 src/ASF/common/components/display/st7565r/st7565r.o
 .group         0x00000000        0x8 src/ASF/common/components/display/st7565r/st7565r.o
 .group         0x00000000        0x8 src/ASF/common/components/display/st7565r/st7565r.o
 .group         0x00000000        0x8 src/ASF/common/components/display/st7565r/st7565r.o
 .group         0x00000000        0x8 src/ASF/common/components/display/st7565r/st7565r.o
 .group         0x00000000        0x8 src/ASF/common/components/display/st7565r/st7565r.o
 .group         0x00000000        0x8 src/ASF/common/components/display/st7565r/st7565r.o
 .group         0x00000000        0x8 src/ASF/common/components/display/st7565r/st7565r.o
 .group         0x00000000        0x8 src/ASF/common/components/display/st7565r/st7565r.o
[...]
Memory Configuration

Name             Origin             Length             Attributes
text             0x00000000         0x00100000         xr
data             0x00802000         0x0000ffa0         rw !x
eeprom           0x00810000         0x00010000         rw !x
fuse             0x00820000         0x00000006         rw !x
lock             0x00830000         0x00000400         rw !x
signature        0x00840000         0x00000400         rw !x
user_signatures  0x00850000         0x00000400         rw !x
*default*        0x00000000         0xffffffff

Linker script and memory map

LOAD D:/AtmelStudio/7.0/Packs/atmel/XMEGAA_DFP/1.1.68/gcc/dev/atxmega256a3bu/avrxmega6/crtatxmega256a3bu.o
LOAD src/ASF/common/components/display/st7565r/st7565r.o
LOAD src/ASF/common/services/gfx_mono/gfx_mono_c12832_a1z.o
LOAD src/ASF/xmega/drivers/adc/adc.o
LOAD src/ASF/xmega/drivers/adc/xmega_aau/adc_aau.o
LOAD src/ASF/xmega/drivers/rtc32/rtc32.o
LOAD src/ASF/xmega/drivers/wdt/wdt.o
LOAD src/ASF/common/services/sleepmgr/xmega/sleepmgr.o
LOAD src/ASF/xmega/drivers/tc/tc.o
LOAD src/ASF/xmega/drivers/usart/usart.o
LOAD src/ASF/common/services/spi/xmega_usart_spi/usart_spi.o
LOAD src/ASF/common/services/spi/xmega_spi/spi_master.o
LOAD src/ASF/common/services/gfx_mono/gfx_mono_framebuffer.o
LOAD src/ASF/common/services/gfx_mono/gfx_mono_generic.o
LOAD src/ASF/common/services/clock/xmega/sysclk.o
LOAD src/ASF/common/services/gfx_mono/gfx_mono_menu.o
LOAD src/ASF/xmega/drivers/nvm/nvm.o
LOAD src/ASF/xmega/drivers/spi/spi.o
LOAD src/ASF/xmega/drivers/nvm/nvm_asm.o
LOAD src/ASF/xmega/drivers/cpu/ccp.o
LOAD src/ASF/common/services/gfx_mono/gfx_mono_text.o
LOAD src/ASF/common/services/gfx_mono/sysfont.o
LOAD src/ASF/common/services/ioport/xmega/ioport_compat.o
LOAD src/ASF/xmega/boards/xmega_a3bu_xplained/init.o
LOAD src/main.o
START GROUP
LOAD d:/atmelstudio/7.0/toolchain/avr8/avr8-gnu-toolchain/bin/../lib/gcc/avr/5.4.0/../../../../avr/lib/avrxmega6\libm.a
END GROUP
Address of section .BOOT set to 0x40000
START GROUP
LOAD d:/atmelstudio/7.0/toolchain/avr8/avr8-gnu-toolchain/bin/../lib/gcc/avr/5.4.0/avrxmega6\libgcc.a
LOAD d:/atmelstudio/7.0/toolchain/avr8/avr8-gnu-toolchain/bin/../lib/gcc/avr/5.4.0/../../../../avr/lib/avrxmega6\libm.a
LOAD d:/atmelstudio/7.0/toolchain/avr8/avr8-gnu-toolchain/bin/../lib/gcc/avr/5.4.0/../../../../avr/lib/avrxmega6\libc.a
LOAD D:/AtmelStudio/7.0/Packs/atmel/XMEGAA_DFP/1.1.68/gcc/dev/atxmega256a3bu/avrxmega6\libatxmega256a3bu.a
END GROUP
                0x00000000                __TEXT_REGION_ORIGIN__ = DEFINED (__TEXT_REGION_ORIGIN__)?__TEXT_REGION_ORIGIN__:0x0
                0x00802000                __DATA_REGION_ORIGIN__ = DEFINED (__DATA_REGION_ORIGIN__)?__DATA_REGION_ORIGIN__:0x802000
                0x00100000                __TEXT_REGION_LENGTH__ = DEFINED (__TEXT_REGION_LENGTH__)?__TEXT_REGION_LENGTH__:0x100000
                0x0000ffa0                __DATA_REGION_LENGTH__ = DEFINED (__DATA_REGION_LENGTH__)?__DATA_REGION_LENGTH__:0xffa0
                0x00010000                __EEPROM_REGION_LENGTH__ = DEFINED (__EEPROM_REGION_LENGTH__)?__EEPROM_REGION_LENGTH__:0x10000
                [0x00000006]                __FUSE_REGION_LENGTH__ = DEFINED (__FUSE_REGION_LENGTH__)?__FUSE_REGION_LENGTH__:0x400
                0x00000400                __LOCK_REGION_LENGTH__ = DEFINED (__LOCK_REGION_LENGTH__)?__LOCK_REGION_LENGTH__:0x400
                0x00000400                __SIGNATURE_REGION_LENGTH__ = DEFINED (__SIGNATURE_REGION_LENGTH__)?__SIGNATURE_REGION_LENGTH__:0x400
                0x00000400                __USER_SIGNATURE_REGION_LENGTH__ = DEFINED (__USER_SIGNATURE_REGION_LENGTH__)?__USER_SIGNATURE_REGION_LENGTH__:0x400

.hash
 *(.hash)

.dynsym
 *(.dynsym)

.dynstr
 *(.dynstr)

.gnu.version
 *(.gnu.version)

.gnu.version_d
 *(.gnu.version_d)

.gnu.version_r
 *(.gnu.version_r)

.rel.init
 *(.rel.init)

.rela.init
 *(.rela.init)

.rel.text
 *(.rel.text)
 *(.rel.text.*)
 *(.rel.gnu.linkonce.t*)

.rela.text
 *(.rela.text)
 *(.rela.text.*)
 *(.rela.gnu.linkonce.t*)

.rel.fini
 *(.rel.fini)

.rela.fini
 *(.rela.fini)

.rel.rodata
 *(.rel.rodata)
 *(.rel.rodata.*)
 *(.rel.gnu.linkonce.r*)

.rela.rodata
 *(.rela.rodata)
 *(.rela.rodata.*)
 *(.rela.gnu.linkonce.r*)

.rel.data
 *(.rel.data)
 *(.rel.data.*)
 *(.rel.gnu.linkonce.d*)

.rela.data
 *(.rela.data)
 *(.rela.data.*)
 *(.rela.gnu.linkonce.d*)

.rel.ctors
 *(.rel.ctors)

.rela.ctors
 *(.rela.ctors)

.rel.dtors
 *(.rel.dtors)

.rela.dtors
 *(.rela.dtors)

.rel.got
 *(.rel.got)

.rela.got
 *(.rela.got)

.rel.bss
 *(.rel.bss)

.rela.bss
 *(.rela.bss)

.rel.plt
 *(.rel.plt)

.rela.plt
 *(.rela.plt)

.text           0x00000000     0x3226
 *(.vectors)
 .vectors       0x00000000      0x1fc D:/AtmelStudio/7.0/Packs/atmel/XMEGAA_DFP/1.1.68/gcc/dev/atxmega256a3bu/avrxmega6/crtatxmega256a3bu.o
                0x00000000                __vector_default
                0x00000000                __vectors
 *(.vectors)
 *(.progmem.gcc*)
                0x000001fc                . = ALIGN (0x2)
                0x000001fc                __trampolines_start = .
 *(.trampolines)
 .trampolines   0x000001fc        0x0 linker stubs
 *(.trampolines*)
                0x000001fc                __trampolines_end = .
 *libprintf_flt.a:*(.progmem.data)
 *libc.a:*(.progmem.data)
 *(.progmem*)
 .progmem.data.sysfont_glyphs
                0x000001fc      0x292 src/ASF/common/services/gfx_mono/sysfont.o
                0x0000048e                . = ALIGN (0x2)
 *(.jumptables)
 *(.jumptables*)
 *(.lowtext)
 *(.lowtext*)
                0x0000048e                __ctors_start = .
 *(.ctors)
                0x0000048e                __ctors_end = .
                0x0000048e                __dtors_start = .
 *(.dtors)
                0x0000048e                __dtors_end = .
 SORT(*)(.ctors)
 SORT(*)(.dtors)
 *(.init0)
 .init0         0x0000048e        0x0 D:/AtmelStudio/7.0/Packs/atmel/XMEGAA_DFP/1.1.68/gcc/dev/atxmega256a3bu/avrxmega6/crtatxmega256a3bu.o
                0x0000048e                __init
 *(.init0)
 *(.init1)
 *(.init1)
 *(.init2)
 .init2         0x0000048e       0x10 D:/AtmelStudio/7.0/Packs/atmel/XMEGAA_DFP/1.1.68/gcc/dev/atxmega256a3bu/avrxmega6/crtatxmega256a3bu.o
 *(.init2)
 *(.init3)
 *(.init3)
 *(.init4)
 .init4         0x0000049e       0x1a d:/atmelstudio/7.0/toolchain/avr8/avr8-gnu-toolchain/bin/../lib/gcc/avr/5.4.0/avrxmega6\libgcc.a(_copy_data.o)
                0x0000049e                __do_copy_data
 .init4         0x000004b8       0x10 d:/atmelstudio/7.0/toolchain/avr8/avr8-gnu-toolchain/bin/../lib/gcc/avr/5.4.0/avrxmega6\libgcc.a(_clear_bss.o)
                0x000004b8                __do_clear_bss
 *(.init4)
 *(.init5)
 *(.init5)
 *(.init6)
 *(.init6)
 *(.init7)
 *(.init7)
 *(.init8)
 *(.init8)
 *(.init9)
 .init9         0x000004c8        0x8 D:/AtmelStudio/7.0/Packs/atmel/XMEGAA_DFP/1.1.68/gcc/dev/atxmega256a3bu/avrxmega6/crtatxmega256a3bu.o
 *(.init9)
 *(.text)
 .text          0x000004d0        0x2 D:/AtmelStudio/7.0/Packs/atmel/XMEGAA_DFP/1.1.68/gcc/dev/atxmega256a3bu/avrxmega6/crtatxmega256a3bu.o
                0x000004d0                __vector_38
                0x000004d0                __vector_104
                0x000004d0                __vector_63
                0x000004d0                __vector_28
                0x000004d0                __vector_67
                0x000004d0                __vector_1
                0x000004d0                __vector_119
                0x000004d0                __vector_32
                0x000004d0                __vector_75
                0x000004d0                __vector_91
                0x000004d0                __vector_34
                0x000004d0                __vector_62
                0x000004d0                __vector_102
                0x000004d0                __vector_24
                0x000004d0                __vector_12
                0x000004d0                __vector_69
                0x000004d0                __vector_90
                0x000004d0                __vector_46
                0x000004d0                __bad_interrupt
                0x000004d0                __vector_122
                0x000004d0                __vector_114
                0x000004d0                __vector_6
                0x000004d0                __vector_31
                0x000004d0                __vector_92
                0x000004d0                __vector_35
                0x000004d0                __vector_117
                0x000004d0                __vector_107
                0x000004d0                __vector_3
                0x000004d0                __vector_105
                0x000004d0                __vector_98
                0x000004d0                __vector_68
                0x000004d0                __vector_30
                0x000004d0                __vector_45
                0x000004d0                __vector_25
                0x000004d0                __vector_93
                0x000004d0                __vector_61
                0x000004d0                __vector_99
                0x000004d0                __vector_13
                0x000004d0                __vector_7
                0x000004d0                __vector_125
                0x000004d0                __vector_123
                0x000004d0                __vector_100
                0x000004d0                __vector_101
                0x000004d0                __vector_64
                0x000004d0                __vector_88
                0x000004d0                __vector_43
                0x000004d0                __vector_27
                0x000004d0                __vector_5
                0x000004d0                __vector_33
                0x000004d0                __vector_76
                0x000004d0                __vector_115
                0x000004d0                __vector_37
                0x000004d0                __vector_95
                0x000004d0                __vector_103
                0x000004d0                __vector_96
                0x000004d0                __vector_89
                0x000004d0                __vector_4
                0x000004d0                __vector_44
                0x000004d0                __vector_106
                0x000004d0                __vector_118
                0x000004d0                __vector_9
                0x000004d0                __vector_2
                0x000004d0                __vector_66
                0x000004d0                __vector_36
                0x000004d0                __vector_58
                0x000004d0                __vector_70
                0x000004d0                __vector_29
                0x000004d0                __vector_60
                0x000004d0                __vector_121
                0x000004d0                __vector_94
                0x000004d0                __vector_126
                0x000004d0                __vector_8
                0x000004d0                __vector_26
                0x000004d0                __vector_124
                0x000004d0                __vector_116
                0x000004d0                __vector_57
                0x000004d0                __vector_10
                0x000004d0                __vector_59
                0x000004d0                __vector_97
                0x000004d0                __vector_87
                0x000004d0                __vector_65
                0x000004d0                __vector_120
                0x000004d2                . = ALIGN (0x2)
 *(.text.*)
 .text.__portable_avr_delay_cycles
                0x000004d2       0x16 src/ASF/common/components/display/st7565r/st7565r.o
 .text.st7565r_init
                0x000004e8      0x3b8 src/ASF/common/components/display/st7565r/st7565r.o
                0x000004e8                st7565r_init
 .text.gfx_mono_st7565r_put_byte
                0x000008a0      0x160 src/ASF/common/services/gfx_mono/gfx_mono_c12832_a1z.o
                0x000008a0                gfx_mono_st7565r_put_byte
 .text.gfx_mono_st7565r_init
                0x00000a00       0x8a src/ASF/common/services/gfx_mono/gfx_mono_c12832_a1z.o
                0x00000a00                gfx_mono_st7565r_init
 .text.gfx_mono_st7565r_draw_pixel
                0x00000a8a       0x6e src/ASF/common/services/gfx_mono/gfx_mono_c12832_a1z.o
                0x00000a8a                gfx_mono_st7565r_draw_pixel
 .text.gfx_mono_st7565r_get_byte
                0x00000af8        0x6 src/ASF/common/services/gfx_mono/gfx_mono_c12832_a1z.o
                0x00000af8                gfx_mono_st7565r_get_byte
 .text.adc_enable_clock
                0x00000afe       0x42 src/ASF/xmega/drivers/adc/adc.o
                0x00000afe                adc_enable_clock
 .text.adc_disable_clock
                0x00000b40       0x3e src/ASF/xmega/drivers/adc/adc.o
                0x00000b40                adc_disable_clock
 .text.adc_enable
                0x00000b7e       0x58 src/ASF/xmega/drivers/adc/adc.o
                0x00000b7e                adc_enable
 .text.__vector_71
                0x00000bd6       0x64 src/ASF/xmega/drivers/adc/xmega_aau/adc_aau.o
                0x00000bd6                __vector_71
 .text.__vector_72
                0x00000c3a       0x64 src/ASF/xmega/drivers/adc/xmega_aau/adc_aau.o
                0x00000c3a                __vector_72
 .text.__vector_73
                0x00000c9e       0x64 src/ASF/xmega/drivers/adc/xmega_aau/adc_aau.o
                0x00000c9e                __vector_73
 .text.__vector_74
                0x00000d02       0x64 src/ASF/xmega/drivers/adc/xmega_aau/adc_aau.o
                0x00000d02                __vector_74
 .text.__vector_39
                0x00000d66       0x64 src/ASF/xmega/drivers/adc/xmega_aau/adc_aau.o
                0x00000d66                __vector_39
 .text.__vector_40
                0x00000dca       0x64 src/ASF/xmega/drivers/adc/xmega_aau/adc_aau.o
                0x00000dca                __vector_40
 .text.__vector_41
                0x00000e2e       0x64 src/ASF/xmega/drivers/adc/xmega_aau/adc_aau.o
                0x00000e2e                __vector_41
 .text.__vector_42
                0x00000e92       0x64 src/ASF/xmega/drivers/adc/xmega_aau/adc_aau.o
                0x00000e92                __vector_42
 .text.adc_write_configuration
                0x00000ef6       0xd4 src/ASF/xmega/drivers/adc/xmega_aau/adc_aau.o
                0x00000ef6                adc_write_configuration
 .text.adc_read_configuration
                0x00000fca       0x72 src/ASF/xmega/drivers/adc/xmega_aau/adc_aau.o
                0x00000fca                adc_read_configuration
 .text.adcch_write_configuration
                0x0000103c       0x96 src/ASF/xmega/drivers/adc/xmega_aau/adc_aau.o
                0x0000103c                adcch_write_configuration
 .text.adcch_read_configuration
                0x000010d2       0x96 src/ASF/xmega/drivers/adc/xmega_aau/adc_aau.o
                0x000010d2                adcch_read_configuration
 .text.rtc_get_time
                0x00001168       0x22 src/ASF/xmega/drivers/rtc32/rtc32.o
                0x00001168                rtc_get_time
 .text.__vector_11
                0x0000118a       0x6a src/ASF/xmega/drivers/rtc32/rtc32.o
                0x0000118a                __vector_11
 .text.__vector_14
                0x000011f4       0x5a src/ASF/xmega/drivers/tc/tc.o
                0x000011f4                __vector_14
 .text.__vector_15
                0x0000124e       0x5a src/ASF/xmega/drivers/tc/tc.o
                0x0000124e                __vector_15
 .text.__vector_16
                0x000012a8       0x5a src/ASF/xmega/drivers/tc/tc.o
                0x000012a8                __vector_16
 .text.__vector_17
                0x00001302       0x5a src/ASF/xmega/drivers/tc/tc.o
                0x00001302                __vector_17
 .text.__vector_18
                0x0000135c       0x5a src/ASF/xmega/drivers/tc/tc.o
                0x0000135c                __vector_18
 .text.__vector_19
                0x000013b6       0x5a src/ASF/xmega/drivers/tc/tc.o
                0x000013b6                __vector_19
 .text.__vector_20
                0x00001410       0x5a src/ASF/xmega/drivers/tc/tc.o
                0x00001410                __vector_20
 .text.__vector_21
                0x0000146a       0x5a src/ASF/xmega/drivers/tc/tc.o
                0x0000146a                __vector_21
 .text.__vector_22
                0x000014c4       0x5a src/ASF/xmega/drivers/tc/tc.o
                0x000014c4                __vector_22
 .text.__vector_23
                0x0000151e       0x5a src/ASF/xmega/drivers/tc/tc.o
                0x0000151e                __vector_23
 .text.__vector_77
                0x00001578       0x5a src/ASF/xmega/drivers/tc/tc.o
                0x00001578                __vector_77
 .text.__vector_78
                0x000015d2       0x5a src/ASF/xmega/drivers/tc/tc.o
                0x000015d2                __vector_78
 .text.__vector_79
                0x0000162c       0x5a src/ASF/xmega/drivers/tc/tc.o
                0x0000162c                __vector_79
 .text.__vector_80
                0x00001686       0x5a src/ASF/xmega/drivers/tc/tc.o
                0x00001686                __vector_80
 .text.__vector_81
                0x000016e0       0x5a src/ASF/xmega/drivers/tc/tc.o
                0x000016e0                __vector_81
 .text.__vector_82
                0x0000173a       0x5a src/ASF/xmega/drivers/tc/tc.o
                0x0000173a                __vector_82
 .text.__vector_83
                0x00001794       0x5a src/ASF/xmega/drivers/tc/tc.o
                0x00001794                __vector_83
 .text.__vector_84
                0x000017ee       0x5a src/ASF/xmega/drivers/tc/tc.o
                0x000017ee                __vector_84
 .text.__vector_85
                0x00001848       0x5a src/ASF/xmega/drivers/tc/tc.o
                0x00001848                __vector_85
 .text.__vector_86
                0x000018a2       0x5a src/ASF/xmega/drivers/tc/tc.o
                0x000018a2                __vector_86
 .text.__vector_47
                0x000018fc       0x5a src/ASF/xmega/drivers/tc/tc.o
                0x000018fc                __vector_47
 .text.__vector_48
                0x00001956       0x5a src/ASF/xmega/drivers/tc/tc.o
                0x00001956                __vector_48
 .text.__vector_49
                0x000019b0       0x5a src/ASF/xmega/drivers/tc/tc.o
                0x000019b0                __vector_49
 .text.__vector_50
                0x00001a0a       0x5a src/ASF/xmega/drivers/tc/tc.o
                0x00001a0a                __vector_50
 .text.__vector_51
                0x00001a64       0x5a src/ASF/xmega/drivers/tc/tc.o
                0x00001a64                __vector_51
 .text.__vector_52
                0x00001abe       0x5a src/ASF/xmega/drivers/tc/tc.o
                0x00001abe                __vector_52
 .text.__vector_53
                0x00001b18       0x5a src/ASF/xmega/drivers/tc/tc.o
                0x00001b18                __vector_53
 .text.__vector_54
                0x00001b72       0x5a src/ASF/xmega/drivers/tc/tc.o
                0x00001b72                __vector_54
 .text.__vector_55
                0x00001bcc       0x5a src/ASF/xmega/drivers/tc/tc.o
                0x00001bcc                __vector_55
 .text.__vector_56
                0x00001c26       0x5a src/ASF/xmega/drivers/tc/tc.o
                0x00001c26                __vector_56
 .text.__vector_108
                0x00001c80       0x5a src/ASF/xmega/drivers/tc/tc.o
                0x00001c80                __vector_108
 .text.__vector_109
                0x00001cda       0x5a src/ASF/xmega/drivers/tc/tc.o
                0x00001cda                __vector_109
 .text.__vector_110
                0x00001d34       0x5a src/ASF/xmega/drivers/tc/tc.o
                0x00001d34                __vector_110
 .text.__vector_111
                0x00001d8e       0x5a src/ASF/xmega/drivers/tc/tc.o
                0x00001d8e                __vector_111
 .text.__vector_112
                0x00001de8       0x5a src/ASF/xmega/drivers/tc/tc.o
                0x00001de8                __vector_112
 .text.__vector_113
                0x00001e42       0x5a src/ASF/xmega/drivers/tc/tc.o
                0x00001e42                __vector_113
 .text.tc_enable
                0x00001e9c       0xe2 src/ASF/xmega/drivers/tc/tc.o
                0x00001e9c                tc_enable
 .text.tc_set_overflow_interrupt_callback
                0x00001f7e       0x7c src/ASF/xmega/drivers/tc/tc.o
                0x00001f7e                tc_set_overflow_interrupt_callback
 .text.usart_spi_set_baudrate
                0x00001ffa       0x62 src/ASF/xmega/drivers/usart/usart.o
                0x00001ffa                usart_spi_set_baudrate
 .text.usart_init_spi
                0x0000205c      0x3c8 src/ASF/xmega/drivers/usart/usart.o
                0x0000205c                usart_init_spi
 .text.usart_spi_init
                0x00002424       0x5e src/ASF/common/services/spi/xmega_usart_spi/usart_spi.o
                0x00002424                usart_spi_init
 .text.usart_spi_setup_device
                0x00002482       0x34 src/ASF/common/services/spi/xmega_usart_spi/usart_spi.o
                0x00002482                usart_spi_setup_device
 .text.usart_spi_select_device
                0x000024b6       0x2c src/ASF/common/services/spi/xmega_usart_spi/usart_spi.o
                0x000024b6                usart_spi_select_device
 .text.usart_spi_deselect_device
                0x000024e2       0x2c src/ASF/common/services/spi/xmega_usart_spi/usart_spi.o
                0x000024e2                usart_spi_deselect_device
 .text.gfx_mono_set_framebuffer
                0x0000250e        0xa src/ASF/common/services/gfx_mono/gfx_mono_framebuffer.o
                0x0000250e                gfx_mono_set_framebuffer
 .text.gfx_mono_framebuffer_put_byte
                0x00002518       0x1c src/ASF/common/services/gfx_mono/gfx_mono_framebuffer.o
                0x00002518                gfx_mono_framebuffer_put_byte
 .text.gfx_mono_framebuffer_get_byte
                0x00002534       0x1c src/ASF/common/services/gfx_mono/gfx_mono_framebuffer.o
                0x00002534                gfx_mono_framebuffer_get_byte
 .text.gfx_mono_generic_draw_horizontal_line
                0x00002550       0xd0 src/ASF/common/services/gfx_mono/gfx_mono_generic.o
                0x00002550                gfx_mono_generic_draw_horizontal_line
 .text.gfx_mono_generic_draw_filled_rect
                0x00002620       0x34 src/ASF/common/services/gfx_mono/gfx_mono_generic.o
                0x00002620                gfx_mono_generic_draw_filled_rect
 .text.sysclk_init
                0x00002654       0x20 src/ASF/common/services/clock/xmega/sysclk.o
                0x00002654                sysclk_init
 .text.sysclk_enable_module
                0x00002674       0x2c src/ASF/common/services/clock/xmega/sysclk.o
                0x00002674                sysclk_enable_module
 .text.sysclk_disable_module
                0x000026a0       0x2a src/ASF/common/services/clock/xmega/sysclk.o
                0x000026a0                sysclk_disable_module
 .text.nvm_read_byte
                0x000026ca       0x14 src/ASF/xmega/drivers/nvm/nvm_asm.o
                0x000026ca                nvm_read_byte
 .text.gfx_mono_draw_char
                0x000026de       0xbc src/ASF/common/services/gfx_mono/gfx_mono_text.o
                0x000026de                gfx_mono_draw_char
 .text.gfx_mono_draw_string
                0x0000279a       0x52 src/ASF/common/services/gfx_mono/gfx_mono_text.o
                0x0000279a                gfx_mono_draw_string
 .text.ioport_configure_port_pin
                0x000027ec       0x4e src/ASF/common/services/ioport/xmega/ioport_compat.o
                0x000027ec                ioport_configure_port_pin
 .text.board_init
                0x0000283a      0x13a src/ASF/xmega/boards/xmega_a3bu_xplained/init.o
                0x0000283a                board_init
 .text.__portable_avr_delay_cycles
                0x00002974       0x16 src/main.o
 .text.print_message
                0x0000298a       0x14 src/main.o
                0x0000298a                print_message
 .text.setup_timer
                0x0000299e       0x38 src/main.o
                0x0000299e                setup_timer
 .text.print_lcd
                0x000029d6       0x6e src/main.o
                0x000029d6                print_lcd
 .text.checkLight
                0x00002a44       0x56 src/main.o
                0x00002a44                checkLight
 .text.main     0x00002a9a      0x18a src/main.o
                0x00002a9a                main
 .text.libgcc.div
                0x00002c24       0x44 d:/atmelstudio/7.0/toolchain/avr8/avr8-gnu-toolchain/bin/../lib/gcc/avr/5.4.0/avrxmega6\libgcc.a(_udivmodsi4.o)
                0x00002c24                __udivmodsi4
 .text.avr-libc
                0x00002c68       0x6c d:/atmelstudio/7.0/toolchain/avr8/avr8-gnu-toolchain/bin/../lib/gcc/avr/5.4.0/../../../../avr/lib/avrxmega6\libc.a(snprintf.o)
                0x00002c68                snprintf
 .text.avr-libc
                0x00002cd4      0x3ee d:/atmelstudio/7.0/toolchain/avr8/avr8-gnu-toolchain/bin/../lib/gcc/avr/5.4.0/../../../../avr/lib/avrxmega6\libc.a(vfprintf_std.o)
                0x00002cd4                vfprintf
 .text.avr-libc
                0x000030c2       0x16 d:/atmelstudio/7.0/toolchain/avr8/avr8-gnu-toolchain/bin/../lib/gcc/avr/5.4.0/../../../../avr/lib/avrxmega6\libc.a(strnlen_P.o)
                0x000030c2                strnlen_P
 .text.avr-libc
                0x000030d8       0x16 d:/atmelstudio/7.0/toolchain/avr8/avr8-gnu-toolchain/bin/../lib/gcc/avr/5.4.0/../../../../avr/lib/avrxmega6\libc.a(strnlen.o)
                0x000030d8                strnlen
 .text.avr-libc
                0x000030ee       0x78 d:/atmelstudio/7.0/toolchain/avr8/avr8-gnu-toolchain/bin/../lib/gcc/avr/5.4.0/../../../../avr/lib/avrxmega6\libc.a(fputc.o)
                0x000030ee                fputc
 .text.avr-libc
                0x00003166       0xbc d:/atmelstudio/7.0/toolchain/avr8/avr8-gnu-toolchain/bin/../lib/gcc/avr/5.4.0/../../../../avr/lib/avrxmega6\libc.a(ultoa_invert.o)
                0x00003166                __ultoa_invert
                0x00003222                . = ALIGN (0x2)
 *(.fini9)
 .fini9         0x00003222        0x0 d:/atmelstudio/7.0/toolchain/avr8/avr8-gnu-toolchain/bin/../lib/gcc/avr/5.4.0/avrxmega6\libgcc.a(_exit.o)
                0x00003222                _exit
                0x00003222                exit
 *(.fini9)
 *(.fini8)
 *(.fini8)
 *(.fini7)
 *(.fini7)
 *(.fini6)
 *(.fini6)
 *(.fini5)
 *(.fini5)
 *(.fini4)
 *(.fini4)
 *(.fini3)
 *(.fini3)
 *(.fini2)
 *(.fini2)
 *(.fini1)
 *(.fini1)
 *(.fini0)
 .fini0         0x00003222        0x4 d:/atmelstudio/7.0/toolchain/avr8/avr8-gnu-toolchain/bin/../lib/gcc/avr/5.4.0/avrxmega6\libgcc.a(_exit.o)
 *(.fini0)
                0x00003226                _etext = .

.data           0x00802000       0x2e load address 0x00003226
                0x00802000                PROVIDE (__data_start, .)
 *(.data)
 *(.data*)
 .data.sysfont  0x00802000        0x7 src/ASF/common/services/gfx_mono/sysfont.o
                0x00802000                sysfont
 *(.gnu.linkonce.d*)
 *(.rodata)
 *(.rodata*)
 .rodata.str1.1
                0x00802007       0x27 src/main.o
 *(.gnu.linkonce.r*)
                0x0080202e                . = ALIGN (0x2)
                0x0080202e                _edata = .
                0x0080202e                PROVIDE (__data_end, .)

.bss            0x0080202e      0x322
                0x0080202e                PROVIDE (__bss_start, .)
 *(.bss)
 *(.bss*)
 .bss.framebuffer
                0x0080202e      0x200 src/ASF/common/services/gfx_mono/gfx_mono_c12832_a1z.o
 .bss.adcb_enable_count
                0x0080222e        0x1 src/ASF/xmega/drivers/adc/adc.o
 .bss.adca_enable_count
                0x0080222f        0x1 src/ASF/xmega/drivers/adc/adc.o
 .bss.tc_tcf0_ccd_callback
                0x00802230        0x2 src/ASF/xmega/drivers/tc/tc.o
 .bss.tc_tcf0_ccc_callback
                0x00802232        0x2 src/ASF/xmega/drivers/tc/tc.o
 .bss.tc_tcf0_ccb_callback
                0x00802234        0x2 src/ASF/xmega/drivers/tc/tc.o
 .bss.tc_tcf0_cca_callback
                0x00802236        0x2 src/ASF/xmega/drivers/tc/tc.o
 .bss.tc_tcf0_err_callback
                0x00802238        0x2 src/ASF/xmega/drivers/tc/tc.o
 .bss.tc_tcf0_ovf_callback
                0x0080223a        0x2 src/ASF/xmega/drivers/tc/tc.o
 .bss.tc_tce1_ccb_callback
                0x0080223c        0x2 src/ASF/xmega/drivers/tc/tc.o
 .bss.tc_tce1_cca_callback
                0x0080223e        0x2 src/ASF/xmega/drivers/tc/tc.o
 .bss.tc_tce1_err_callback
                0x00802240        0x2 src/ASF/xmega/drivers/tc/tc.o
 .bss.tc_tce1_ovf_callback
                0x00802242        0x2 src/ASF/xmega/drivers/tc/tc.o
 .bss.tc_tce0_ccd_callback
                0x00802244        0x2 src/ASF/xmega/drivers/tc/tc.o
 .bss.tc_tce0_ccc_callback
                0x00802246        0x2 src/ASF/xmega/drivers/tc/tc.o
 .bss.tc_tce0_ccb_callback
                0x00802248        0x2 src/ASF/xmega/drivers/tc/tc.o
 .bss.tc_tce0_cca_callback
                0x0080224a        0x2 src/ASF/xmega/drivers/tc/tc.o
 .bss.tc_tce0_err_callback
                0x0080224c        0x2 src/ASF/xmega/drivers/tc/tc.o
 .bss.tc_tce0_ovf_callback
                0x0080224e        0x2 src/ASF/xmega/drivers/tc/tc.o
 .bss.tc_tcd1_ccb_callback
                0x00802250        0x2 src/ASF/xmega/drivers/tc/tc.o
 .bss.tc_tcd1_cca_callback
                0x00802252        0x2 src/ASF/xmega/drivers/tc/tc.o
 .bss.tc_tcd1_err_callback
                0x00802254        0x2 src/ASF/xmega/drivers/tc/tc.o
 .bss.tc_tcd1_ovf_callback
                0x00802256        0x2 src/ASF/xmega/drivers/tc/tc.o
 .bss.tc_tcd0_ccd_callback
                0x00802258        0x2 src/ASF/xmega/drivers/tc/tc.o
 .bss.tc_tcd0_ccc_callback
                0x0080225a        0x2 src/ASF/xmega/drivers/tc/tc.o
 .bss.tc_tcd0_ccb_callback
                0x0080225c        0x2 src/ASF/xmega/drivers/tc/tc.o
 .bss.tc_tcd0_cca_callback
                0x0080225e        0x2 src/ASF/xmega/drivers/tc/tc.o
 .bss.tc_tcd0_err_callback
                0x00802260        0x2 src/ASF/xmega/drivers/tc/tc.o
 .bss.tc_tcd0_ovf_callback
                0x00802262        0x2 src/ASF/xmega/drivers/tc/tc.o
 .bss.tc_tcc1_ccb_callback
                0x00802264        0x2 src/ASF/xmega/drivers/tc/tc.o
 .bss.tc_tcc1_cca_callback
                0x00802266        0x2 src/ASF/xmega/drivers/tc/tc.o
 .bss.tc_tcc1_err_callback
                0x00802268        0x2 src/ASF/xmega/drivers/tc/tc.o
 .bss.tc_tcc1_ovf_callback
                0x0080226a        0x2 src/ASF/xmega/drivers/tc/tc.o
 .bss.tc_tcc0_ccd_callback
                0x0080226c        0x2 src/ASF/xmega/drivers/tc/tc.o
 .bss.tc_tcc0_ccc_callback
                0x0080226e        0x2 src/ASF/xmega/drivers/tc/tc.o
 .bss.tc_tcc0_ccb_callback
                0x00802270        0x2 src/ASF/xmega/drivers/tc/tc.o
 .bss.tc_tcc0_cca_callback
                0x00802272        0x2 src/ASF/xmega/drivers/tc/tc.o
 .bss.tc_tcc0_err_callback
                0x00802274        0x2 src/ASF/xmega/drivers/tc/tc.o
 .bss.tc_tcc0_ovf_callback
                0x00802276        0x2 src/ASF/xmega/drivers/tc/tc.o
 .bss.fbpointer
                0x00802278        0x2 src/ASF/common/services/gfx_mono/gfx_mono_framebuffer.o
 .bss.buffarray
                0x0080227a       0xc8 src/main.o
 .bss.incremental
                0x00802342        0x2 src/main.o
                0x00802342                incremental
 *(COMMON)
 COMMON         0x00802344        0x4 src/ASF/xmega/drivers/adc/adc.o
                0x00802344                adcb_callback
                0x00802346                adca_callback
 COMMON         0x00802348        0x2 src/ASF/xmega/drivers/rtc32/rtc32.o
                0x00802348                rtc_data
 COMMON         0x0080234a        0x6 src/ASF/common/services/sleepmgr/xmega/sleepmgr.o
                0x0080234a                sleepmgr_locks
                0x00802350                PROVIDE (__bss_end, .)
                0x00003226                __data_load_start = LOADADDR (.data)
                0x00003254                __data_load_end = (__data_load_start + SIZEOF (.data))

.noinit         0x00802350        0x0
                [!provide]                PROVIDE (__noinit_start, .)
 *(.noinit*)
                [!provide]                PROVIDE (__noinit_end, .)
                0x00802350                _end = .
                [!provide]                PROVIDE (__heap_start, .)

.eeprom         0x00810000        0x0
 *(.eeprom*)
                0x00810000                __eeprom_end = .

.fuse
 *(.fuse)
 *(.lfuse)
 *(.hfuse)
 *(.efuse)

.lock
 *(.lock*)

.signature
 *(.signature*)

.user_signatures
 *(.user_signatures*)

.stab
 *(.stab)

.stabstr
 *(.stabstr)

.stab.excl
 *(.stab.excl)

.stab.exclstr
 *(.stab.exclstr)

.stab.index
 *(.stab.index)

.stab.indexstr
 *(.stab.indexstr)

.comment        0x00000000       0x5c
 *(.comment)
 .comment       0x00000000       0x30 src/ASF/common/components/display/st7565r/st7565r.o
                                 0x31 (size before relaxing)
 .comment       0x00000030       0x31 src/ASF/common/services/gfx_mono/gfx_mono_c12832_a1z.o
 .comment       0x00000030       0x31 src/ASF/xmega/drivers/adc/adc.o
 .comment       0x00000030       0x31 src/ASF/xmega/drivers/adc/xmega_aau/adc_aau.o
 .comment       0x00000030       0x31 src/ASF/xmega/drivers/rtc32/rtc32.o
 .comment       0x00000030       0x31 src/ASF/common/services/sleepmgr/xmega/sleepmgr.o
 .comment       0x00000030       0x31 src/ASF/xmega/drivers/tc/tc.o
 .comment       0x00000030       0x31 src/ASF/xmega/drivers/usart/usart.o
 .comment       0x00000030       0x31 src/ASF/common/services/spi/xmega_usart_spi/usart_spi.o
 .comment       0x00000030       0x31 src/ASF/common/services/gfx_mono/gfx_mono_framebuffer.o
 .comment       0x00000030       0x31 src/ASF/common/services/gfx_mono/gfx_mono_generic.o
 .comment       0x00000030       0x31 src/ASF/common/services/clock/xmega/sysclk.o
 .comment       0x00000030       0x31 src/ASF/common/services/gfx_mono/gfx_mono_text.o
 .comment       0x00000030       0x31 src/ASF/common/services/gfx_mono/sysfont.o
 .comment       0x00000030       0x31 src/ASF/common/services/ioport/xmega/ioport_compat.o
 .comment       0x00000030       0x31 src/ASF/xmega/boards/xmega_a3bu_xplained/init.o
 .comment       0x00000030       0x31 src/main.o
 .comment       0x00000030       0x31 d:/atmelstudio/7.0/toolchain/avr8/avr8-gnu-toolchain/bin/../lib/gcc/avr/5.4.0/../../../../avr/lib/avrxmega6\libc.a(snprintf.o)
 .comment       0x00000030       0x2c d:/atmelstudio/7.0/toolchain/avr8/avr8-gnu-toolchain/bin/../lib/gcc/avr/5.4.0/../../../../avr/lib/avrxmega6\libc.a(vfprintf_std.o)
                                 0x2d (size before relaxing)
 .comment       0x0000005c       0x31 d:/atmelstudio/7.0/toolchain/avr8/avr8-gnu-toolchain/bin/../lib/gcc/avr/5.4.0/../../../../avr/lib/avrxmega6\libc.a(fputc.o)

.note.gnu.avr.deviceinfo
                0x00000000       0x44
 .note.gnu.avr.deviceinfo
                0x00000000       0x44 D:/AtmelStudio/7.0/Packs/atmel/XMEGAA_DFP/1.1.68/gcc/dev/atxmega256a3bu/avrxmega6/crtatxmega256a3bu.o

.note.gnu.build-id
 *(.note.gnu.build-id)

.debug
 *(.debug)

.line
 *(.line)

.debug_srcinfo
 *(.debug_srcinfo)

.debug_sfnames
 *(.debug_sfnames)

.debug_aranges  0x00000000      0x5d0
 *(.debug_aranges)
 .debug_aranges
                0x00000000       0x28 src/ASF/common/components/display/st7565r/st7565r.o
 .debug_aranges
                0x00000028       0x60 src/ASF/common/services/gfx_mono/gfx_mono_c12832_a1z.o
 .debug_aranges
                0x00000088       0x48 src/ASF/xmega/drivers/adc/adc.o
 .debug_aranges
                0x000000d0       0x78 src/ASF/xmega/drivers/adc/xmega_aau/adc_aau.o
 .debug_aranges
                0x00000148       0x60 src/ASF/xmega/drivers/rtc32/rtc32.o
 .debug_aranges
                0x000001a8       0x18 src/ASF/common/services/sleepmgr/xmega/sleepmgr.o
 .debug_aranges
                0x000001c0      0x178 src/ASF/xmega/drivers/tc/tc.o
 .debug_aranges
                0x00000338       0x58 src/ASF/xmega/drivers/usart/usart.o
 .debug_aranges
                0x00000390       0x48 src/ASF/common/services/spi/xmega_usart_spi/usart_spi.o
 .debug_aranges
                0x000003d8       0x58 src/ASF/common/services/gfx_mono/gfx_mono_framebuffer.o
 .debug_aranges
                0x00000430       0x58 src/ASF/common/services/gfx_mono/gfx_mono_generic.o
 .debug_aranges
                0x00000488       0x40 src/ASF/common/services/clock/xmega/sysclk.o
 .debug_aranges
                0x000004c8       0x28 src/ASF/xmega/drivers/nvm/nvm_asm.o
 .debug_aranges
                0x000004f0       0x40 src/ASF/common/services/gfx_mono/gfx_mono_text.o
 .debug_aranges
                0x00000530       0x18 src/ASF/common/services/gfx_mono/sysfont.o
 .debug_aranges
                0x00000548       0x20 src/ASF/common/services/ioport/xmega/ioport_compat.o
 .debug_aranges
                0x00000568       0x20 src/ASF/xmega/boards/xmega_a3bu_xplained/init.o
 .debug_aranges
                0x00000588       0x48 src/main.o

.debug_pubnames
 *(.debug_pubnames)

.debug_info     0x00000000    0x12f53
 *(.debug_info .gnu.linkonce.wi.*)
 .debug_info    0x00000000     0x3379 D:/AtmelStudio/7.0/Packs/atmel/XMEGAA_DFP/1.1.68/gcc/dev/atxmega256a3bu/avrxmega6/crtatxmega256a3bu.o
 .debug_info    0x00003379     0x1945 src/ASF/common/components/display/st7565r/st7565r.o
 .debug_info    0x00004cbe     0x1de2 src/ASF/common/services/gfx_mono/gfx_mono_c12832_a1z.o
 .debug_info    0x00006aa0      0xa8d src/ASF/xmega/drivers/adc/adc.o
 .debug_info    0x0000752d      0xe98 src/ASF/xmega/drivers/adc/xmega_aau/adc_aau.o
 .debug_info    0x000083c5      0x720 src/ASF/xmega/drivers/rtc32/rtc32.o
 .debug_info    0x00008ae5      0x129 src/ASF/common/services/sleepmgr/xmega/sleepmgr.o
 .debug_info    0x00008c0e     0x1934 src/ASF/xmega/drivers/tc/tc.o
 .debug_info    0x0000a542     0x2ce0 src/ASF/xmega/drivers/usart/usart.o
 .debug_info    0x0000d222      0xb7e src/ASF/common/services/spi/xmega_usart_spi/usart_spi.o
 .debug_info    0x0000dda0      0x487 src/ASF/common/services/gfx_mono/gfx_mono_framebuffer.o
 .debug_info    0x0000e227      0xc0a src/ASF/common/services/gfx_mono/gfx_mono_generic.o
 .debug_info    0x0000ee31      0x71c src/ASF/common/services/clock/xmega/sysclk.o
 .debug_info    0x0000f54d       0x7e src/ASF/xmega/drivers/nvm/nvm_asm.o
 .debug_info    0x0000f5cb      0x715 src/ASF/common/services/gfx_mono/gfx_mono_text.o
 .debug_info    0x0000fce0      0x1af src/ASF/common/services/gfx_mono/sysfont.o
 .debug_info    0x0000fe8f      0x121 src/ASF/common/services/ioport/xmega/ioport_compat.o
 .debug_info    0x0000ffb0      0xaeb src/ASF/xmega/boards/xmega_a3bu_xplained/init.o
 .debug_info    0x00010a9b     0x24b8 src/main.o

.debug_abbrev   0x00000000     0x5830
 *(.debug_abbrev)
 .debug_abbrev  0x00000000     0x30c4 D:/AtmelStudio/7.0/Packs/atmel/XMEGAA_DFP/1.1.68/gcc/dev/atxmega256a3bu/avrxmega6/crtatxmega256a3bu.o
 .debug_abbrev  0x000030c4      0x2a0 src/ASF/common/components/display/st7565r/st7565r.o
 .debug_abbrev  0x00003364      0x385 src/ASF/common/services/gfx_mono/gfx_mono_c12832_a1z.o
 .debug_abbrev  0x000036e9      0x2b4 src/ASF/xmega/drivers/adc/adc.o
 .debug_abbrev  0x0000399d      0x320 src/ASF/xmega/drivers/adc/xmega_aau/adc_aau.o
 .debug_abbrev  0x00003cbd      0x2ed src/ASF/xmega/drivers/rtc32/rtc32.o
 .debug_abbrev  0x00003faa       0x84 src/ASF/common/services/sleepmgr/xmega/sleepmgr.o
 .debug_abbrev  0x0000402e      0x29b src/ASF/xmega/drivers/tc/tc.o
 .debug_abbrev  0x000042c9      0x3f5 src/ASF/xmega/drivers/usart/usart.o
 .debug_abbrev  0x000046be      0x2d8 src/ASF/common/services/spi/xmega_usart_spi/usart_spi.o
 .debug_abbrev  0x00004996      0x174 src/ASF/common/services/gfx_mono/gfx_mono_framebuffer.o
 .debug_abbrev  0x00004b0a      0x1ac src/ASF/common/services/gfx_mono/gfx_mono_generic.o
 .debug_abbrev  0x00004cb6      0x218 src/ASF/common/services/clock/xmega/sysclk.o
 .debug_abbrev  0x00004ece       0x12 src/ASF/xmega/drivers/nvm/nvm_asm.o
 .debug_abbrev  0x00004ee0      0x22b src/ASF/common/services/gfx_mono/gfx_mono_text.o
 .debug_abbrev  0x0000510b       0xe2 src/ASF/common/services/gfx_mono/sysfont.o
 .debug_abbrev  0x000051ed       0x95 src/ASF/common/services/ioport/xmega/ioport_compat.o
 .debug_abbrev  0x00005282      0x14a src/ASF/xmega/boards/xmega_a3bu_xplained/init.o
 .debug_abbrev  0x000053cc      0x464 src/main.o

.debug_line     0x00000000     0x9baa
 *(.debug_line .debug_line.* .debug_line_end)
 .debug_line    0x00000000      0x39d D:/AtmelStudio/7.0/Packs/atmel/XMEGAA_DFP/1.1.68/gcc/dev/atxmega256a3bu/avrxmega6/crtatxmega256a3bu.o
 .debug_line    0x0000039d      0xa6f src/ASF/common/components/display/st7565r/st7565r.o
 .debug_line    0x00000e0c      0xd53 src/ASF/common/services/gfx_mono/gfx_mono_c12832_a1z.o
 .debug_line    0x00001b5f      0x771 src/ASF/xmega/drivers/adc/adc.o
 .debug_line    0x000022d0      0x921 src/ASF/xmega/drivers/adc/xmega_aau/adc_aau.o
 .debug_line    0x00002bf1      0x740 src/ASF/xmega/drivers/rtc32/rtc32.o
 .debug_line    0x00003331      0x403 src/ASF/common/services/sleepmgr/xmega/sleepmgr.o
 .debug_line    0x00003734      0xe7e src/ASF/xmega/drivers/tc/tc.o
 .debug_line    0x000045b2      0xc49 src/ASF/xmega/drivers/usart/usart.o
 .debug_line    0x000051fb      0x782 src/ASF/common/services/spi/xmega_usart_spi/usart_spi.o
 .debug_line    0x0000597d      0x8c4 src/ASF/common/services/gfx_mono/gfx_mono_framebuffer.o
 .debug_line    0x00006241      0xbb0 src/ASF/common/services/gfx_mono/gfx_mono_generic.o
 .debug_line    0x00006df1      0x5dc src/ASF/common/services/clock/xmega/sysclk.o
 .debug_line    0x000073cd      0x11f src/ASF/xmega/drivers/nvm/nvm_asm.o
 .debug_line    0x000074ec      0x94e src/ASF/common/services/gfx_mono/gfx_mono_text.o
 .debug_line    0x00007e3a      0x76e src/ASF/common/services/gfx_mono/sysfont.o
 .debug_line    0x000085a8      0x460 src/ASF/common/services/ioport/xmega/ioport_compat.o
 .debug_line    0x00008a08      0x48b src/ASF/xmega/boards/xmega_a3bu_xplained/init.o
 .debug_line    0x00008e93      0xd17 src/main.o

.debug_frame    0x00000000     0x1c64
 *(.debug_frame)
 .debug_frame   0x00000000       0x68 src/ASF/common/components/display/st7565r/st7565r.o
 .debug_frame   0x00000068      0x1b4 src/ASF/common/services/gfx_mono/gfx_mono_c12832_a1z.o
 .debug_frame   0x0000021c       0xbc src/ASF/xmega/drivers/adc/adc.o
 .debug_frame   0x000002d8      0x3e4 src/ASF/xmega/drivers/adc/xmega_aau/adc_aau.o
 .debug_frame   0x000006bc      0x10c src/ASF/xmega/drivers/rtc32/rtc32.o
 .debug_frame   0x000007c8      0xd24 src/ASF/xmega/drivers/tc/tc.o
 .debug_frame   0x000014ec      0x14c src/ASF/xmega/drivers/usart/usart.o
 .debug_frame   0x00001638       0x90 src/ASF/common/services/spi/xmega_usart_spi/usart_spi.o
 .debug_frame   0x000016c8       0xd0 src/ASF/common/services/gfx_mono/gfx_mono_framebuffer.o
 .debug_frame   0x00001798      0x214 src/ASF/common/services/gfx_mono/gfx_mono_generic.o
 .debug_frame   0x000019ac       0x94 src/ASF/common/services/clock/xmega/sysclk.o
 .debug_frame   0x00001a40      0x100 src/ASF/common/services/gfx_mono/gfx_mono_text.o
 .debug_frame   0x00001b40       0x30 src/ASF/common/services/ioport/xmega/ioport_compat.o
 .debug_frame   0x00001b70       0x24 src/ASF/xmega/boards/xmega_a3bu_xplained/init.o
 .debug_frame   0x00001b94       0xd0 src/main.o

.debug_str      0x00000000    0x3519c
 *(.debug_str)
 .debug_str     0x00000000     0x21e4 D:/AtmelStudio/7.0/Packs/atmel/XMEGAA_DFP/1.1.68/gcc/dev/atxmega256a3bu/avrxmega6/crtatxmega256a3bu.o
 .debug_str     0x000021e4    0x2c662 src/ASF/common/components/display/st7565r/st7565r.o
                              0x2cebe (size before relaxing)
 .debug_str     0x0002e846      0xc05 src/ASF/common/services/gfx_mono/gfx_mono_c12832_a1z.o
                              0x2d7bf (size before relaxing)
 .debug_str     0x0002f44b      0xede src/ASF/xmega/drivers/adc/adc.o
                              0x2c6b0 (size before relaxing)
 .debug_str     0x00030329      0x5bc src/ASF/xmega/drivers/adc/xmega_aau/adc_aau.o
                              0x2c943 (size before relaxing)
 .debug_str     0x000308e5      0x350 src/ASF/xmega/drivers/rtc32/rtc32.o
                              0x2c067 (size before relaxing)
 .debug_str     0x00030c35       0x35 src/ASF/common/services/sleepmgr/xmega/sleepmgr.o
                              0x29685 (size before relaxing)
 .debug_str     0x00030c6a      0x93a src/ASF/xmega/drivers/tc/tc.o
                              0x2c673 (size before relaxing)
 .debug_str     0x000315a4      0x874 src/ASF/xmega/drivers/usart/usart.o
                              0x2cfd2 (size before relaxing)
 .debug_str     0x00031e18       0x87 src/ASF/common/services/spi/xmega_usart_spi/usart_spi.o
                              0x2c493 (size before relaxing)
 .debug_str     0x00031e9f       0xba src/ASF/common/services/gfx_mono/gfx_mono_framebuffer.o
                              0x2d3da (size before relaxing)
 .debug_str     0x00031f59      0x213 src/ASF/common/services/gfx_mono/gfx_mono_generic.o
                              0x2d51d (size before relaxing)
 .debug_str     0x0003216c      0x21c src/ASF/common/services/clock/xmega/sysclk.o
                              0x2bc9d (size before relaxing)
 .debug_str     0x00032388      0x233 src/ASF/common/services/gfx_mono/gfx_mono_text.o
                              0x2d4b1 (size before relaxing)
 .debug_str     0x000325bb     0x10b0 src/ASF/common/services/gfx_mono/sysfont.o
                              0x2e30e (size before relaxing)
 .debug_str     0x0003366b       0x77 src/ASF/common/services/ioport/xmega/ioport_compat.o
                              0x2993c (size before relaxing)
 .debug_str     0x000336e2       0xf7 src/ASF/xmega/boards/xmega_a3bu_xplained/init.o
                              0x2b5cb (size before relaxing)
 .debug_str     0x000337d9     0x19c3 src/main.o
                              0x3129a (size before relaxing)

.debug_loc      0x00000000     0x8df5
 *(.debug_loc)
 .debug_loc     0x00000000      0x7c9 src/ASF/common/components/display/st7565r/st7565r.o
 .debug_loc     0x000007c9     0x1382 src/ASF/common/services/gfx_mono/gfx_mono_c12832_a1z.o
 .debug_loc     0x00001b4b      0x2b3 src/ASF/xmega/drivers/adc/adc.o
 .debug_loc     0x00001dfe      0xd3c src/ASF/xmega/drivers/adc/xmega_aau/adc_aau.o
 .debug_loc     0x00002b3a      0x1b6 src/ASF/xmega/drivers/rtc32/rtc32.o
 .debug_loc     0x00002cf0     0x1df6 src/ASF/xmega/drivers/tc/tc.o
 .debug_loc     0x00004ae6      0xe14 src/ASF/xmega/drivers/usart/usart.o
 .debug_loc     0x000058fa      0x56c src/ASF/common/services/spi/xmega_usart_spi/usart_spi.o
 .debug_loc     0x00005e66      0x61c src/ASF/common/services/gfx_mono/gfx_mono_framebuffer.o
 .debug_loc     0x00006482     0x11c5 src/ASF/common/services/gfx_mono/gfx_mono_generic.o
 .debug_loc     0x00007647      0x2c5 src/ASF/common/services/clock/xmega/sysclk.o
 .debug_loc     0x0000790c      0x9a2 src/ASF/common/services/gfx_mono/gfx_mono_text.o
 .debug_loc     0x000082ae       0x66 src/ASF/common/services/ioport/xmega/ioport_compat.o
 .debug_loc     0x00008314      0x3fa src/ASF/xmega/boards/xmega_a3bu_xplained/init.o
 .debug_loc     0x0000870e      0x6e7 src/main.o

.debug_macinfo
 *(.debug_macinfo)

.debug_weaknames
 *(.debug_weaknames)

.debug_funcnames
 *(.debug_funcnames)

.debug_typenames
 *(.debug_typenames)

.debug_varnames
 *(.debug_varnames)

.debug_pubtypes
 *(.debug_pubtypes)

.debug_ranges   0x00000000      0x6c0
 *(.debug_ranges)
 .debug_ranges  0x00000000       0x18 src/ASF/common/components/display/st7565r/st7565r.o
 .debug_ranges  0x00000018      0x188 src/ASF/common/services/gfx_mono/gfx_mono_c12832_a1z.o
 .debug_ranges  0x000001a0       0x38 src/ASF/xmega/drivers/adc/adc.o
 .debug_ranges  0x000001d8       0x68 src/ASF/xmega/drivers/adc/xmega_aau/adc_aau.o
 .debug_ranges  0x00000240       0x50 src/ASF/xmega/drivers/rtc32/rtc32.o
 .debug_ranges  0x00000290      0x168 src/ASF/xmega/drivers/tc/tc.o
 .debug_ranges  0x000003f8       0x80 src/ASF/xmega/drivers/usart/usart.o
 .debug_ranges  0x00000478       0x98 src/ASF/common/services/spi/xmega_usart_spi/usart_spi.o
 .debug_ranges  0x00000510       0x48 src/ASF/common/services/gfx_mono/gfx_mono_framebuffer.o
 .debug_ranges  0x00000558       0x48 src/ASF/common/services/gfx_mono/gfx_mono_generic.o
 .debug_ranges  0x000005a0       0x30 src/ASF/common/services/clock/xmega/sysclk.o
 .debug_ranges  0x000005d0       0x20 src/ASF/xmega/drivers/nvm/nvm_asm.o
 .debug_ranges  0x000005f0       0x30 src/ASF/common/services/gfx_mono/gfx_mono_text.o
 .debug_ranges  0x00000620       0x10 src/ASF/common/services/ioport/xmega/ioport_compat.o
 .debug_ranges  0x00000630       0x10 src/ASF/xmega/boards/xmega_a3bu_xplained/init.o
 .debug_ranges  0x00000640       0x80 src/main.o

.debug_macro    0x00000000     0xcc2b
 *(.debug_macro)
 .debug_macro   0x00000000      0x276 src/ASF/common/components/display/st7565r/st7565r.o
 .debug_macro   0x00000276      0xa9c src/ASF/common/components/display/st7565r/st7565r.o
 .debug_macro   0x00000d12       0x10 src/ASF/common/components/display/st7565r/st7565r.o
 .debug_macro   0x00000d22      0x1c9 src/ASF/common/components/display/st7565r/st7565r.o
 .debug_macro   0x00000eeb      0x2fc src/ASF/common/components/display/st7565r/st7565r.o
 .debug_macro   0x000011e7       0x9e src/ASF/common/components/display/st7565r/st7565r.o
 .debug_macro   0x00001285     0x6271 src/ASF/common/components/display/st7565r/st7565r.o
 .debug_macro   0x000074f6       0x9a src/ASF/common/components/display/st7565r/st7565r.o
 .debug_macro   0x00007590       0xf1 src/ASF/common/components/display/st7565r/st7565r.o
 .debug_macro   0x00007681       0x34 src/ASF/common/components/display/st7565r/st7565r.o
 .debug_macro   0x000076b5       0x16 src/ASF/common/components/display/st7565r/st7565r.o
 .debug_macro   0x000076cb       0x18 src/ASF/common/components/display/st7565r/st7565r.o
 .debug_macro   0x000076e3       0x5e src/ASF/common/components/display/st7565r/st7565r.o
 .debug_macro   0x00007741       0x10 src/ASF/common/components/display/st7565r/st7565r.o
 .debug_macro   0x00007751       0x22 src/ASF/common/components/display/st7565r/st7565r.o
 .debug_macro   0x00007773      0x16d src/ASF/common/components/display/st7565r/st7565r.o
 .debug_macro   0x000078e0       0x1c src/ASF/common/components/display/st7565r/st7565r.o
 .debug_macro   0x000078fc       0x35 src/ASF/common/components/display/st7565r/st7565r.o
 .debug_macro   0x00007931       0x66 src/ASF/common/components/display/st7565r/st7565r.o
 .debug_macro   0x00007997      0x708 src/ASF/common/components/display/st7565r/st7565r.o
 .debug_macro   0x0000809f       0x96 src/ASF/common/components/display/st7565r/st7565r.o
 .debug_macro   0x00008135       0x17 src/ASF/common/components/display/st7565r/st7565r.o
 .debug_macro   0x0000814c      0x250 src/ASF/common/components/display/st7565r/st7565r.o
 .debug_macro   0x0000839c       0x76 src/ASF/common/components/display/st7565r/st7565r.o
 .debug_macro   0x00008412       0x16 src/ASF/common/components/display/st7565r/st7565r.o
 .debug_macro   0x00008428      0x6d9 src/ASF/common/components/display/st7565r/st7565r.o
 .debug_macro   0x00008b01       0x10 src/ASF/common/components/display/st7565r/st7565r.o
 .debug_macro   0x00008b11      0x175 src/ASF/common/components/display/st7565r/st7565r.o
 .debug_macro   0x00008c86       0x40 src/ASF/common/components/display/st7565r/st7565r.o
 .debug_macro   0x00008cc6       0x69 src/ASF/common/components/display/st7565r/st7565r.o
 .debug_macro   0x00008d2f       0x31 src/ASF/common/components/display/st7565r/st7565r.o
 .debug_macro   0x00008d60       0xe4 src/ASF/common/components/display/st7565r/st7565r.o
 .debug_macro   0x00008e44       0x22 src/ASF/common/components/display/st7565r/st7565r.o
 .debug_macro   0x00008e66      0x2d8 src/ASF/common/components/display/st7565r/st7565r.o
 .debug_macro   0x0000913e      0x2ff src/ASF/common/components/display/st7565r/st7565r.o
 .debug_macro   0x0000943d       0x79 src/ASF/common/components/display/st7565r/st7565r.o
 .debug_macro   0x000094b6       0x2f src/ASF/common/components/display/st7565r/st7565r.o
 .debug_macro   0x000094e5      0x154 src/ASF/common/components/display/st7565r/st7565r.o
 .debug_macro   0x00009639       0x82 src/ASF/common/components/display/st7565r/st7565r.o
 .debug_macro   0x000096bb      0x102 src/ASF/common/components/display/st7565r/st7565r.o
 .debug_macro   0x000097bd       0x28 src/ASF/common/components/display/st7565r/st7565r.o
 .debug_macro   0x000097e5       0x22 src/ASF/common/components/display/st7565r/st7565r.o
 .debug_macro   0x00009807       0x3a src/ASF/common/components/display/st7565r/st7565r.o
 .debug_macro   0x00009841       0xf6 src/ASF/common/components/display/st7565r/st7565r.o
 .debug_macro   0x00009937       0x34 src/ASF/common/components/display/st7565r/st7565r.o
 .debug_macro   0x0000996b       0x2e src/ASF/common/components/display/st7565r/st7565r.o
 .debug_macro   0x00009999      0x2ba src/ASF/common/services/gfx_mono/gfx_mono_c12832_a1z.o
 .debug_macro   0x00009c53       0x75 src/ASF/common/services/gfx_mono/gfx_mono_c12832_a1z.o
 .debug_macro   0x00009cc8       0x88 src/ASF/common/services/gfx_mono/gfx_mono_c12832_a1z.o
 .debug_macro   0x00009d50      0x22f src/ASF/xmega/drivers/adc/adc.o
 .debug_macro   0x00009f7f       0x10 src/ASF/xmega/drivers/adc/adc.o
 .debug_macro   0x00009f8f       0x20 src/ASF/xmega/drivers/adc/adc.o
 .debug_macro   0x00009faf       0x10 src/ASF/xmega/drivers/adc/adc.o
 .debug_macro   0x00009fbf       0x42 src/ASF/xmega/drivers/adc/adc.o
 .debug_macro   0x0000a001       0xe3 src/ASF/xmega/drivers/adc/adc.o
 .debug_macro   0x0000a0e4      0x22f src/ASF/xmega/drivers/adc/xmega_aau/adc_aau.o
 .debug_macro   0x0000a313      0x215 src/ASF/xmega/drivers/rtc32/rtc32.o
 .debug_macro   0x0000a528       0x10 src/ASF/xmega/drivers/rtc32/rtc32.o
 .debug_macro   0x0000a538      0x1a3 src/ASF/common/services/sleepmgr/xmega/sleepmgr.o
 .debug_macro   0x0000a6db      0x225 src/ASF/xmega/drivers/tc/tc.o
 .debug_macro   0x0000a900      0x302 src/ASF/xmega/drivers/tc/tc.o
 .debug_macro   0x0000ac02       0x12 src/ASF/xmega/drivers/tc/tc.o
 .debug_macro   0x0000ac14      0x221 src/ASF/xmega/drivers/usart/usart.o
 .debug_macro   0x0000ae35      0x234 src/ASF/common/services/spi/xmega_usart_spi/usart_spi.o
 .debug_macro   0x0000b069      0x2ae src/ASF/common/services/gfx_mono/gfx_mono_framebuffer.o
 .debug_macro   0x0000b317      0x2ae src/ASF/common/services/gfx_mono/gfx_mono_generic.o
 .debug_macro   0x0000b5c5      0x1db src/ASF/common/services/clock/xmega/sysclk.o
 .debug_macro   0x0000b7a0       0x26 src/ASF/common/services/clock/xmega/sysclk.o
 .debug_macro   0x0000b7c6      0x2d5 src/ASF/common/services/gfx_mono/gfx_mono_text.o
 .debug_macro   0x0000ba9b       0xaa src/ASF/common/services/gfx_mono/gfx_mono_text.o
 .debug_macro   0x0000bb45      0x2db src/ASF/common/services/gfx_mono/sysfont.o
 .debug_macro   0x0000be20       0x3a src/ASF/common/services/gfx_mono/sysfont.o
 .debug_macro   0x0000be5a      0x193 src/ASF/common/services/ioport/xmega/ioport_compat.o
 .debug_macro   0x0000bfed      0x1b5 src/ASF/xmega/boards/xmega_a3bu_xplained/init.o
 .debug_macro   0x0000c1a2       0x2e src/ASF/xmega/boards/xmega_a3bu_xplained/init.o
 .debug_macro   0x0000c1d0      0x2d2 src/ASF/xmega/boards/xmega_a3bu_xplained/init.o
 .debug_macro   0x0000c4a2      0x40b src/main.o
 .debug_macro   0x0000c8ad       0x34 src/main.o
 .debug_macro   0x0000c8e1       0x16 src/main.o
 .debug_macro   0x0000c8f7       0x46 src/main.o
 .debug_macro   0x0000c93d       0x18 src/main.o
 .debug_macro   0x0000c955       0x1c src/main.o
 .debug_macro   0x0000c971       0x58 src/main.o
 .debug_macro   0x0000c9c9       0x10 src/main.o
 .debug_macro   0x0000c9d9       0xf2 src/main.o
 .debug_macro   0x0000cacb      0x160 src/main.o
OUTPUT(tugasUTS.elf elf32-avr)
LOAD linker stubs

.BOOT           0x00040000        0x0
